// Jest Snapshot v1, https://goo.gl/fbAQLP

exports[`GetStarted Test Render GetStarted 1`] = `
<div>
  <section
    class="makeStyles-section-1 makeStyles-sectionWithBackground-2 makeStyles-getStarted-3"
  >
    <div
      class="MuiContainer-root MuiContainer-maxWidthLg"
    >
      <h2>
        Get Started
      </h2>
      <p>
        No obligation. Preview before purchase. Money back guarantee. Just 5 min.
      </p>
      <div
        class="MuiFormControl-root MuiTextField-root"
      >
        <label
          class="MuiFormLabel-root MuiInputLabel-root MuiInputLabel-formControl MuiInputLabel-animated MuiInputLabel-outlined"
          data-shrink="false"
        >
          Enter email address
        </label>
        <div
          class="MuiInputBase-root MuiOutlinedInput-root MuiInputBase-formControl"
        >
          <input
            aria-invalid="false"
            class="MuiInputBase-input MuiOutlinedInput-input"
            type="text"
            value=""
          />
          <fieldset
            aria-hidden="true"
            class="PrivateNotchedOutline-root-6 MuiOutlinedInput-notchedOutline"
          >
            <legend
              class="PrivateNotchedOutline-legendLabelled-8"
            >
              <span>
                Enter email address
              </span>
            </legend>
          </fieldset>
        </div>
      </div>
      <button
        class="MuiButtonBase-root MuiButton-root MuiButton-contained makeStyles-contained-10"
        tabindex="0"
        type="button"
      >
        <span
          class="MuiButton-label"
        >
          Get Started
        </span>
        <span
          class="MuiTouchRipple-root"
        />
      </button>
      <div
        style="margin: 20px 0px;"
      >
        <a
          class="MuiTypography-root MuiLink-root MuiLink-underlineHover makeStyles-link-4 MuiTypography-colorPrimary"
        >
          Or Get Started without an email address here.
        </a>
      </div>
    </div>
  </section>
</div>
`;
